// Jest Snapshot v1, https://goo.gl/fbAQLP

exports[`third-party/components/ApprovalCommentForm should correctly render empty form 1`] = `
<ApprovalCommentForm
  createComment={[MockFunction]}
  getAvatarUrl={[Function]}
  intl={
    Object {
      "formatDate": [Function],
      "formatMessage": [Function],
    }
  }
  isEditing={true}
  isOpen={false}
  onCancel={[MockFunction]}
  onFocus={[MockFunction]}
  onSubmit={[Function]}
  user={null}
/>
`;
